  ADDR B1 B2 B3 B4 D:\ASICSLABI\lab2\task2.asm                      PAGE       1

                    org $8000

                   START:
  8000 CE 82 00      ldx #$8200

                   LOOP:
  8003 A6 00         ldaa $0,x
  8005 84 01         anda #%00000001
  8007 27 06         beq ZERO

  8009 E6 00         ldab $0,x
  800B C4 10         andb #%00010000
  800D 26 05         bne NOTZERO

                   ZERO:
  800F 1D 00 02      bclr $0,x,#%00000010
  8012 20 05         bra NEXT

                   NOTZERO:
  8014 1C 00 02      bset $0,x,#%00000010
  8017 20 00         bra NEXT

                   NEXT:
  8019 A6 00         ldaa $0,x
  801B 8B 4B         adda #%01001011

  801D 08            inx
  801E A7 00         staa $0,x

  8020 4F            clra
  8021 5F            clrb

  8022 8C 82 1F      cpx #$821f
  8025 26 DC         bne LOOP

  8027 3F           swi




  Symbol Table 

  NOTZERO            8014
  START              8000
  ZERO               800F
  LOOP               8003
  NEXT               8019
